\BOOKMARK [1][-]{section.1}{Introduction}{}% 1
\BOOKMARK [1][-]{section.2}{Related Work}{}% 2
\BOOKMARK [2][-]{subsection.2.1}{DW-MRI Denoising}{section.2}% 3
\BOOKMARK [2][-]{subsection.2.2}{J-Invariant Self-Supervision}{section.2}% 4
\BOOKMARK [2][-]{subsection.2.3}{Patch2Self, MD-S2S, and Self2Self}{section.2}% 5
\BOOKMARK [2][-]{subsection.2.4}{Neural Backbones for Restoration}{section.2}% 6
\BOOKMARK [1][-]{section.3}{Materials and Methods}{}% 7
\BOOKMARK [2][-]{subsection.3.1}{Data Representation}{section.3}% 8
\BOOKMARK [2][-]{subsection.3.2}{Hybrid RGS Formulation}{section.3}% 9
\BOOKMARK [2][-]{subsection.3.3}{J-Invariance of Patch2Self, MD-S2S, and Hybrid RGS}{section.3}% 10
\BOOKMARK [2][-]{subsection.3.4}{Architecture-Agnostic Instantiations}{section.3}% 11
\BOOKMARK [3][-]{subsubsection.3.4.1}{DRCNet Instantiation}{subsection.3.4}% 12
\BOOKMARK [3][-]{subsubsection.3.4.2}{Restormer Instantiation}{subsection.3.4}% 13
\BOOKMARK [3][-]{subsubsection.3.4.3}{Two-Dimensional Backbones for Architecture Evaluation}{subsection.3.4}% 14
\BOOKMARK [2][-]{subsection.3.5}{Inference}{section.3}% 15
\BOOKMARK [1][-]{section.4}{Experiments}{}% 16
\BOOKMARK [2][-]{subsection.4.1}{Datasets and Protocols}{section.4}% 17
\BOOKMARK [2][-]{subsection.4.2}{Baselines}{section.4}% 18
\BOOKMARK [2][-]{subsection.4.3}{Evaluation Metrics}{section.4}% 19
\BOOKMARK [2][-]{subsection.4.4}{Ablation Studies}{section.4}% 20
\BOOKMARK [2][-]{subsection.4.5}{Objective-Controlled Ablation}{section.4}% 21
\BOOKMARK [2][-]{subsection.4.6}{Sampling Strategy Ablations}{section.4}% 22
\BOOKMARK [2][-]{subsection.4.7}{Backbone Capacity and Spatial Dimensionality}{section.4}% 23
\BOOKMARK [2][-]{subsection.4.8}{Robustness to Noise Level}{section.4}% 24
\BOOKMARK [2][-]{subsection.4.9}{Gradient Direction Conditioning via FiLM}{section.4}% 25
\BOOKMARK [2][-]{subsection.4.10}{Implementation Details}{section.4}% 26
\BOOKMARK [1][-]{section.5}{Experimental Results}{}% 27
\BOOKMARK [2][-]{subsection.5.1}{Main Comparison}{section.5}% 28
\BOOKMARK [2][-]{subsection.5.2}{Generalization to Real Scanner Noise}{section.5}% 29
\BOOKMARK [1][-]{section.6}{Discussion}{}% 30
\BOOKMARK [1][-]{section.7}{Conclusion}{}% 31
